2026-09-14T09:41:06Z sitemap 200 392  https://www.alessandrodesign.ro/sitemap.xml
2026-09-14T09:41:14Z sm_pages 200 631  https://www.alessandrodesign.ro/sitemap_pages_1.xml?from=127169790219&to=158369186059
2026-09-14T09:41:16Z sm_blogs 200 9372  https://www.alessandrodesign.ro/sitemap_blogs_1.xml
2026-09-14T09:41:49Z news_atom 200 97548  https://www.alessandrodesign.ro/blogs/news.atom
2026-09-14T09:41:50Z sfaturi_atom 200 7591  https://www.alessandrodesign.ro/blogs/sfaturi-de-amenajare.atom
2026-09-14T09:41:52Z colaborari 404 80364  https://www.alessandrodesign.ro/pages/colaborari
2026-09-14T09:41:53Z cookiepol 404 80312  https://www.alessandrodesign.ro/policies/cookie-policy
2026-09-14T09:41:55Z dropshipping 404 80372  https://www.alessandrodesign.ro/pages/dropshipping
2026-09-14T09:41:56Z engross_dwf 404 80056  https://www.alessandrodesign.ro/pages/comenzi-en-gross
2026-09-14T09:41:58Z blog_idei_dwf 404 80211  https://www.alessandrodesign.ro/blogs/idei-de-amenajare
2026-09-14T09:42:10Z a_hol 200 90231  https://www.alessandrodesign.ro/blogs/news/top-5-corpuri-de-iluminat-pentru-hol
2026-09-14T09:42:12Z a_marc_korman 200 87103  https://www.alessandrodesign.ro/blogs/news/diferen%C8%9Bele-dintre-oglinzile-marcello-%C8%99i-korman
2026-09-14T09:42:14Z a_bai_cada 200 90992  https://www.alessandrodesign.ro/blogs/news/idei-bai-mici-cu-cada-oglinzi-lumina
2026-09-14T09:42:15Z a_baie_mica 200 92858  https://www.alessandrodesign.ro/blogs/news/cum-sa-amenajezi-o-baie-mica-trucuri-maximizare-spatiu
2026-09-14T09:42:17Z a_balcon 200 86570  https://www.alessandrodesign.ro/blogs/news/idei-creative-pentru-transformarea-balconului
2026-09-14T09:42:19Z a_spa 200 89551  https://www.alessandrodesign.ro/blogs/news/cum-amenajezi-un-spa-acasa-sfaturi-de-organizare-design
2026-09-14T09:42:21Z a_glamour 200 92768  https://www.alessandrodesign.ro/blogs/news/sfaturi-de-amenajare-stil-glamour
2026-09-14T09:42:23Z a_accesor 200 87242  https://www.alessandrodesign.ro/blogs/news/cum-sa-accesorizezi-cu-stil-baia
2026-09-14T09:42:24Z a_walkin 200 90952  https://www.alessandrodesign.ro/blogs/news/baie-walk-in-inspiratie-pentru-design-contemporan
2026-09-14T09:42:26Z a_fiecare_camera 200 89848  https://www.alessandrodesign.ro/blogs/news/cum-alegi-corpurile-de-iluminat-potrivite-pentru-fiecare-camera-ghid-complet
2026-09-14T09:42:28Z a_rustic 200 90114  https://www.alessandrodesign.ro/blogs/sfaturi-de-amenajare/amenajari-interioare-rustice-idei-inspirationale-si-elemente-decorative-esentiale
2026-09-14T09:42:30Z a_apart 200 90967  https://www.alessandrodesign.ro/blogs/news/cum-sa-amenajezi-un-apartament-modern-idei-sfaturi-practice
2026-09-14T09:44:22Z showroom 200 83463  https://www.alessandrodesign.ro/pages/showroom
2026-09-14T09:44:24Z suport 200 80748  https://www.alessandrodesign.ro/pages/suport-clienti
2026-09-14T09:44:25Z livrare 200 83367  https://www.alessandrodesign.ro/pages/livrare
2026-09-14T09:44:27Z retur 200 83396  https://www.alessandrodesign.ro/pages/retur
2026-09-14T09:44:29Z faq 200 82456  https://www.alessandrodesign.ro/pages/intrebari-frecvente
2026-09-14T09:44:31Z status 200 80769  https://www.alessandrodesign.ro/pages/status-comanda
2026-09-14T09:44:32Z contactinfo 200 80743  https://www.alessandrodesign.ro/policies/contact-information
2026-09-14T09:44:34Z privacy 200 88616  https://www.alessandrodesign.ro/policies/privacy-policy
2026-09-14T09:44:35Z fabrica 200 82385  https://www.alessandrodesign.ro/pages/fabrica-alessandro-design
2026-09-14T09:44:37Z contact 200 82585  https://www.alessandrodesign.ro/pages/contact
2026-09-14T09:44:39Z contact_short 301 80 https://www.alessandrodesign.ro/pages/contact https://www.alessandrodesign.ro/contact
2026-09-14T09:44:41Z dropshipment 200 83130  https://www.alessandrodesign.ro/pages/dropshipment
2026-09-14T09:44:42Z engross 200 82204  https://www.alessandrodesign.ro/pages/comenzi-engross
2026-09-14T09:44:44Z colabmkt 200 81858  https://www.alessandrodesign.ro/pages/colaborari-marketing
2026-09-14T09:46:21Z np_svg 200 3577  https://www.alessandrodesign.ro/cdn/shop/files/np-svg.svg?v=3138483603334958676
2026-09-14T09:46:23Z a_plata 200 86674  https://www.alessandrodesign.ro/blogs/news/metode-de-plata-disponibile
2026-09-14T09:46:25Z a_livrare_eu 200 86194  https://www.alessandrodesign.ro/blogs/news/livrarea-in-europa
2026-09-14T09:46:27Z a_oglinda_camera 200 88312  https://www.alessandrodesign.ro/blogs/news/cum-sa-alegi-oglinda-led-potrivita-in-functie-de-camera-in-care-o-vei-instala
2026-09-14T09:46:29Z a_makeup 200 89955  https://www.alessandrodesign.ro/blogs/news/idei-amenajare-studio-de-make-up-acasa-idei-practice
2026-09-14T09:47:05Z h_showroom 200 7413  https://help.alessandrodesign.ro/hc/alessandro-design/articles/1746014259-13-showroom-alessandro
2026-09-14T09:47:07Z h_seap 200 7004  https://help.alessandrodesign.ro/hc/alessandro-design/articles/1763981934-achizi-ii-publice-seap-alc
2026-09-14T09:47:08Z h_livrare 200 7397  https://help.alessandrodesign.ro/hc/alessandro-design/articles/1746014192-11-informa-ii-despre-taxele-de-livrare
2026-09-14T09:47:27Z eu_contactinfo 200 71611  https://www.alessandrodesign.eu/policies/contact-information
2026-09-14T09:49:10Z p_narsaq 200 2611  https://www.alessandrodesign.ro/products/lustra-led-suspendata-narsaq-222w-6-cercuri-lumina-rece-calda-neutra-negru-inaltime-reglabila.js
2026-09-14T09:49:12Z p_gard 200 1219  https://www.alessandrodesign.ro/products/panou-de-gard-viu-artificial-cimi%C8%99ir-100-x-100-cm-verde.js
2026-09-14T09:49:13Z p_gazon_ext 200 1166  https://www.alessandrodesign.ro/products/gazon-artificial-pentru-exterior-20-x-250-cm-inal%C8%9Bime-20-mm-densitate-15-fire-verde.js
2026-09-14T09:49:15Z p_ghirlanda 200 2610  https://www.alessandrodesign.ro/products/ghirlanda-artificiala-din-iedera-12-ramuri-x-72-frunze-verde.js
2026-09-14T09:49:17Z c_plante 200 115582  https://www.alessandrodesign.ro/collections/plante-artificiale
2026-09-14T09:50:27Z companie 200 84528  https://www.alessandrodesign.ro/pages/companie
