2026-09-14T09:40:54+00:00	404	https://www.alessandrodesign.ro/blogs/idei-de-amenajare	
2026-09-14T09:40:55+00:00	404	https://www.alessandrodesign.ro/collections/aplice-baie	
2026-09-14T09:40:57+00:00	404	https://www.alessandrodesign.ro/collections/aplice-exterior	
2026-09-14T09:40:58+00:00	404	https://www.alessandrodesign.ro/collections/aplice-interior	
2026-09-14T09:41:00+00:00	404	https://www.alessandrodesign.ro/collections/baterii-baie	
2026-09-14T09:41:01+00:00	404	https://www.alessandrodesign.ro/collections/baterii-bucatarie	
2026-09-14T09:41:03+00:00	404	https://www.alessandrodesign.ro/collections/brazi-craciun	
2026-09-14T09:41:04+00:00	404	https://www.alessandrodesign.ro/collections/cadite-dus	
2026-09-14T09:41:05+00:00	404	https://www.alessandrodesign.ro/collections/calorifer-electric	
2026-09-14T09:41:07+00:00	404	https://www.alessandrodesign.ro/collections/cazi-baie-freestanding	
2026-09-14T09:41:08+00:00	301	https://www.alessandrodesign.ro/collections/chiuvete	/collections/chiuvete-lavoare
2026-09-14T09:41:10+00:00	404	https://www.alessandrodesign.ro/collections/coloane-baterii-dus	
2026-09-14T09:41:11+00:00	404	https://www.alessandrodesign.ro/collections/copaci-artificiali	
2026-09-14T09:41:13+00:00	200	https://www.alessandrodesign.ro/collections/decoratiuni-perete	
2026-09-14T09:41:14+00:00	404	https://www.alessandrodesign.ro/collections/iluminat-exterior	
2026-09-14T09:41:16+00:00	404	https://www.alessandrodesign.ro/collections/instalatii-exterior	
2026-09-14T09:41:17+00:00	301	https://www.alessandrodesign.ro/collections/lustre	https://www.alessandrodesign.ro/collections/candelabre
2026-09-14T09:41:19+00:00	404	https://www.alessandrodesign.ro/collections/lustre-camera-copii	
2026-09-14T09:41:20+00:00	404	https://www.alessandrodesign.ro/collections/lustre-industriale	
2026-09-14T09:41:22+00:00	301	https://www.alessandrodesign.ro/collections/oglinzi-led-multifunctionale	/collections/oglinzi-baie-cu-led-si-dezaburire
2026-09-14T09:41:23+00:00	404	https://www.alessandrodesign.ro/collections/oglinzi-led-standard	
2026-09-14T09:41:24+00:00	404	https://www.alessandrodesign.ro/collections/panouri-artificiale	
2026-09-14T09:41:26+00:00	404	https://www.alessandrodesign.ro/collections/para-dus	
2026-09-14T09:41:27+00:00	404	https://www.alessandrodesign.ro/collections/paravane-dus-walk-in	
2026-09-14T09:41:29+00:00	301	https://www.alessandrodesign.ro/collections/plafoniere-led	https://www.alessandrodesign.ro/collections/plafoniere-led-1
2026-09-14T09:41:30+00:00	404	https://www.alessandrodesign.ro/collections/proiectoare-exterior	
2026-09-14T09:41:32+00:00	200	https://www.alessandrodesign.ro/collections/sifon-pardoseala	
2026-09-14T09:41:33+00:00	404	https://www.alessandrodesign.ro/collections/tablouri-led	
2026-09-14T09:41:35+00:00	404	https://www.alessandrodesign.ro/collections/tablouri-sticla	
2026-09-14T09:41:36+00:00	404	https://www.alessandrodesign.ro/collections/tufe-artificiale	
2026-09-14T09:41:38+00:00	404	https://www.alessandrodesign.ro/collections/uscatoare-maini	
2026-09-14T09:41:39+00:00	404	https://www.alessandrodesign.ro/pages/colaborari	
2026-09-14T09:41:41+00:00	404	https://www.alessandrodesign.ro/pages/comenzi-en-gross	
2026-09-14T09:41:42+00:00	404	https://www.alessandrodesign.ro/pages/dropshipping	
2026-09-14T09:41:44+00:00	404	https://www.alessandrodesign.ro/policies/cookie-policy	
2026-09-14T09:41:45+00:00	200	https://www.alessandrodesign.ro/policies/privacy-policy	
2026-09-14T09:41:47+00:00	200	https://www.alessandrodesign.ro/policies/shipping-policy	
2026-09-14T09:41:48+00:00	200	https://www.alessandrodesign.ro/policies/terms-of-service	
2026-09-14T09:42:41+00:00	200	https://www.alessandrodesign.ro/robots.txt	
2026-09-14T09:42:42+00:00	200	https://www.alessandrodesign.ro/sitemap.xml	
2026-09-14T09:42:44+00:00	200	https://www.alessandrodesign.ro/	
2026-09-14T09:42:54+00:00	200	https://www.alessandrodesign.ro/sitemap_collections_1.xml?from=619338629387&to=646961758475	
2026-09-14T09:42:55+00:00	200	https://www.alessandrodesign.ro/sitemap_pages_1.xml?from=127169790219&to=158369186059	
2026-09-14T09:42:57+00:00	200	https://www.alessandrodesign.ro/sitemap_blogs_1.xml	
2026-09-14T09:42:58+00:00	200	https://www.alessandrodesign.ro/sitemap_agentic_discovery.xml	
2026-09-14T09:44:00+00:00	200	https://www.alessandrodesign.ro/pages/idei-de-amenajare	
2026-09-14T09:44:02+00:00	200	https://www.alessandrodesign.ro/blogs/sfaturi-de-amenajare	
2026-09-14T09:44:04+00:00	200	https://www.alessandrodesign.ro/blogs/news	
2026-09-14T09:44:05+00:00	200	https://www.alessandrodesign.ro/collections/aplice-de-baie	
2026-09-14T09:44:07+00:00	200	https://www.alessandrodesign.ro/collections/aplice-de-exterior	
2026-09-14T09:44:09+00:00	200	https://www.alessandrodesign.ro/collections/aplice-de-interior	
2026-09-14T09:44:11+00:00	200	https://www.alessandrodesign.ro/collections/baterii-de-baie	
2026-09-14T09:44:13+00:00	200	https://www.alessandrodesign.ro/collections/baterii-de-bucatarie	
2026-09-14T09:44:15+00:00	200	https://www.alessandrodesign.ro/collections/brad-de-craciun	
2026-09-14T09:44:16+00:00	200	https://www.alessandrodesign.ro/collections/cadite-de-dus	
2026-09-14T09:44:18+00:00	200	https://www.alessandrodesign.ro/collections/calorifel-electric	
2026-09-14T09:44:20+00:00	200	https://www.alessandrodesign.ro/collections/cazi-de-baie-freestanding	
2026-09-14T09:44:22+00:00	200	https://www.alessandrodesign.ro/collections/chiuvete-lavoare	
2026-09-14T09:44:24+00:00	200	https://www.alessandrodesign.ro/collections/baterii-coloane-de-dus	
2026-09-14T09:44:26+00:00	200	https://www.alessandrodesign.ro/collections/copac-artificial	
2026-09-14T09:44:27+00:00	200	https://www.alessandrodesign.ro/collections/iluminat-de-exterior	
2026-09-14T09:44:29+00:00	200	https://www.alessandrodesign.ro/collections/instalatii	
2026-09-14T09:44:32+00:00	200	https://www.alessandrodesign.ro/collections/candelabre	
2026-09-14T09:44:34+00:00	200	https://www.alessandrodesign.ro/collections/lustre-cu-bec	
2026-09-14T09:44:35+00:00	200	https://www.alessandrodesign.ro/collections/lustre-camera-copiilor	
2026-09-14T09:44:37+00:00	200	https://www.alessandrodesign.ro/collections/lustre-camera-copiilor-1	
2026-09-14T09:44:39+00:00	200	https://www.alessandrodesign.ro/collections/lustre-metalice	
2026-09-14T09:44:41+00:00	200	https://www.alessandrodesign.ro/collections/oglinzi-baie-cu-led-si-dezaburire	
2026-09-14T09:44:43+00:00	200	https://www.alessandrodesign.ro/collections/oglinzi-led-simple	
2026-09-14T09:44:45+00:00	200	https://www.alessandrodesign.ro/collections/panou-artificial	
2026-09-14T09:44:47+00:00	200	https://www.alessandrodesign.ro/collections/para-de-dus	
2026-09-14T09:44:48+00:00	200	https://www.alessandrodesign.ro/collections/dus-walk-in	
2026-09-14T09:44:50+00:00	200	https://www.alessandrodesign.ro/collections/plafoniere-led-1	
2026-09-14T09:44:52+00:00	200	https://www.alessandrodesign.ro/collections/proiectoare-de-exterior	
2026-09-14T09:44:54+00:00	200	https://www.alessandrodesign.ro/collections/tablou-led	
2026-09-14T09:44:56+00:00	200	https://www.alessandrodesign.ro/collections/tablou-sticla	
2026-09-14T09:44:57+00:00	200	https://www.alessandrodesign.ro/collections/tufa-artificiala	
2026-09-14T09:44:59+00:00	200	https://www.alessandrodesign.ro/collections/uscatoare-de-maini	
2026-09-14T09:45:01+00:00	200	https://www.alessandrodesign.ro/pages/colaborari-marketing	
2026-09-14T09:45:02+00:00	200	https://www.alessandrodesign.ro/pages/comenzi-engross	
2026-09-14T09:45:04+00:00	200	https://www.alessandrodesign.ro/pages/dropshipment	
2026-09-14T09:45:05+00:00	200	https://www.alessandrodesign.ro/pages/livrare	
2026-09-14T09:45:15+00:00	200	https://www.alessandrodesign.ro/collections/decoratiuni-perete/products.json?limit=250&page=1	
2026-09-14T09:45:16+00:00	200	https://www.alessandrodesign.ro/collections/sifon-pardoseala/products.json?limit=250&page=1	
2026-09-14T09:45:18+00:00	200	https://www.alessandrodesign.ro/collections/tablou-led/products.json?limit=250&page=1	
2026-09-14T09:45:19+00:00	200	https://www.alessandrodesign.ro/collections/tablou-sticla/products.json?limit=250&page=1	
2026-09-14T09:45:21+00:00	200	https://www.alessandrodesign.ro/collections/aplice-de-baie/products.json?limit=250&page=1	
2026-09-14T09:45:22+00:00	200	https://www.alessandrodesign.ro/collections/aplice-de-exterior/products.json?limit=250&page=1	
2026-09-14T09:45:24+00:00	200	https://www.alessandrodesign.ro/collections/aplice-de-interior/products.json?limit=250&page=1	
2026-09-14T09:45:26+00:00	200	https://www.alessandrodesign.ro/collections/baterii-de-baie/products.json?limit=250&page=1	
2026-09-14T09:45:27+00:00	200	https://www.alessandrodesign.ro/collections/baterii-de-bucatarie/products.json?limit=250&page=1	
2026-09-14T09:45:28+00:00	200	https://www.alessandrodesign.ro/collections/brad-de-craciun/products.json?limit=250&page=1	
2026-09-14T09:45:30+00:00	200	https://www.alessandrodesign.ro/collections/cadite-de-dus/products.json?limit=250&page=1	
2026-09-14T09:45:31+00:00	200	https://www.alessandrodesign.ro/collections/calorifel-electric/products.json?limit=250&page=1	
2026-09-14T09:45:33+00:00	200	https://www.alessandrodesign.ro/collections/cazi-de-baie-freestanding/products.json?limit=250&page=1	
2026-09-14T09:45:34+00:00	200	https://www.alessandrodesign.ro/collections/chiuvete-lavoare/products.json?limit=250&page=1	
2026-09-14T09:45:36+00:00	200	https://www.alessandrodesign.ro/collections/baterii-coloane-de-dus/products.json?limit=250&page=1	
2026-09-14T09:45:37+00:00	200	https://www.alessandrodesign.ro/collections/copac-artificial/products.json?limit=250&page=1	
2026-09-14T09:45:39+00:00	200	https://www.alessandrodesign.ro/collections/iluminat-de-exterior/products.json?limit=250&page=1	
2026-09-14T09:45:41+00:00	200	https://www.alessandrodesign.ro/collections/instalatii/products.json?limit=250&page=1	
2026-09-14T09:45:42+00:00	200	https://www.alessandrodesign.ro/collections/lustre-camera-copiilor/products.json?limit=250&page=1	
2026-09-14T09:45:43+00:00	200	https://www.alessandrodesign.ro/collections/lustre-camera-copiilor-1/products.json?limit=250&page=1	
2026-09-14T09:45:45+00:00	200	https://www.alessandrodesign.ro/collections/oglinzi-baie-cu-led-si-dezaburire/products.json?limit=250&page=1	
2026-09-14T09:45:47+00:00	200	https://www.alessandrodesign.ro/collections/oglinzi-led-simple/products.json?limit=250&page=1	
2026-09-14T09:45:48+00:00	200	https://www.alessandrodesign.ro/collections/panou-artificial/products.json?limit=250&page=1	
2026-09-14T09:45:50+00:00	200	https://www.alessandrodesign.ro/collections/para-de-dus/products.json?limit=250&page=1	
2026-09-14T09:45:51+00:00	200	https://www.alessandrodesign.ro/collections/dus-walk-in/products.json?limit=250&page=1	
2026-09-14T09:45:53+00:00	200	https://www.alessandrodesign.ro/collections/plafoniere-led-1/products.json?limit=250&page=1	
2026-09-14T09:45:54+00:00	200	https://www.alessandrodesign.ro/collections/proiectoare-de-exterior/products.json?limit=250&page=1	
2026-09-14T09:45:56+00:00	200	https://www.alessandrodesign.ro/collections/tufa-artificiala/products.json?limit=250&page=1	
2026-09-14T09:45:57+00:00	200	https://www.alessandrodesign.ro/collections/uscatoare-de-maini/products.json?limit=250&page=1	
2026-09-14T09:45:59+00:00	200	https://www.alessandrodesign.ro/collections/lustre-metalice/products.json?limit=250&page=1	
2026-09-14T09:46:01+00:00	200	https://www.alessandrodesign.ro/collections/lustre-metalice/products.json?limit=250&page=2	
2026-09-14T09:46:03+00:00	200	https://www.alessandrodesign.ro/collections/lustre-metalice/products.json?limit=250&page=3	
2026-09-14T09:46:05+00:00	200	https://www.alessandrodesign.ro/collections/candelabre/products.json?limit=250&page=1	
2026-09-14T09:46:07+00:00	200	https://www.alessandrodesign.ro/collections/candelabre/products.json?limit=250&page=2	
2026-09-14T09:46:09+00:00	200	https://www.alessandrodesign.ro/collections/candelabre/products.json?limit=250&page=3	
2026-09-14T09:46:11+00:00	200	https://www.alessandrodesign.ro/collections/lustre-cu-bec/products.json?limit=250&page=1	
2026-09-14T09:46:13+00:00	200	https://www.alessandrodesign.ro/collections/lustre-cu-bec/products.json?limit=250&page=2	
2026-09-14T09:46:15+00:00	200	https://www.alessandrodesign.ro/collections/lustre-cu-bec/products.json?limit=250&page=3	
2026-09-14T09:46:17+00:00	200	https://www.alessandrodesign.ro/collections/lustre-cu-bec/products.json?limit=250&page=4	
2026-09-14T09:46:18+00:00	200	https://www.alessandrodesign.ro/collections/lustre-cu-bec/products.json?limit=250&page=5	
2026-09-14T09:46:20+00:00	200	https://www.alessandrodesign.ro/collections/lustre/products.json?limit=250&page=1	
2026-09-14T09:46:33+00:00	200	https://www.alessandrodesign.ro/collections/aplice-baie/products.json?limit=1	
2026-09-14T09:46:34+00:00	200	https://www.alessandrodesign.ro/collections/zz-nonexistent-handle-check/products.json?limit=1	
2026-09-14T09:46:36+00:00	200	https://www.alessandrodesign.ro/collections/decoratiuni-perete	
2026-09-14T09:46:37+00:00	200	https://www.alessandrodesign.ro/collections/sifon-pardoseala	
2026-09-14T09:47:23Z fr /collections/lustre
2026-09-14T09:48:00+00:00	301	https://www.alessandrodesign.ro/collections/oglinzi-led-multifunctionale	/collections/oglinzi-baie-cu-led-si-dezaburire
2026-09-14T09:48:02+00:00	301	https://www.alessandrodesign.ro/collections/plafoniere-led	https://www.alessandrodesign.ro/collections/plafoniere-led-1
2026-09-14T09:48:03+00:00	301	https://www.alessandrodesign.ro/collections/lustre	https://www.alessandrodesign.ro/collections/candelabre
2026-09-14T09:48:04+00:00	200	https://www.alessandrodesign.ro/policies/privacy-policy	
2026-09-14T09:49:07+00:00	200	https://www.alessandrodesign.ro/pages/livrare	
2026-09-14T09:49:09+00:00	200	https://www.alessandrodesign.ro/policies/shipping-policy	
