GET https://www.alessandrodesign.ro/collections/aplice-de-baie
   products.json page 1
   = 200 -> 200 | Aplice de baie | Iluminat eficient pentru baie | Alessandro Design | products=6 avail=3
GET https://www.alessandrodesign.ro/collections/aplice-de-exterior
   products.json page 1
   = 200 -> 200 | Aplice de Exterior – Alessandro Design | products=110 avail=52
GET https://www.alessandrodesign.ro/collections/aplice-de-interior
   products.json page 1
   = 200 -> 200 | Aplice clasice | Stiluri traditionale si moderne | Alessandro Design | products=139 avail=86
GET https://www.alessandrodesign.ro/collections/baterii-de-baie
   products.json page 1
   = 200 -> 200 | Baterii de Baie Lavoar - Alama, Inox, LED RGB | Alessandro Design | products=28 avail=28
GET https://www.alessandrodesign.ro/collections/baterii-de-bucatarie
   products.json page 1
   = 200 -> 200 | Baterii de bucatarie | Design modern si durabil – Alessandro Design | products=41 avail=41
GET https://www.alessandrodesign.ro/collections/brad-de-craciun
   products.json page 1
   = 200 -> 200 | Brad de craciun – Alessandro Design | products=29 avail=20
GET https://www.alessandrodesign.ro/collections/cadite-de-dus
   products.json page 1
   = 200 -> 200 | Cadite de Dus – Alessandro Design | products=8 avail=4
GET https://www.alessandrodesign.ro/collections/calorifel-electric
   products.json page 1
   = 200 -> 200 | Calorifer Electric – Alessandro Design | products=6 avail=6
GET https://www.alessandrodesign.ro/collections/cazi-de-baie-freestanding
   products.json page 1
   = 200 -> 200 | Cazi de baie freestanding – Alessandro Design | products=12 avail=9
GET https://www.alessandrodesign.ro/collections/chiuvete-lavoare
   products.json page 1
   = 200 -> 200 | Chiuvete si lavoare moderne | Alessandro Design | products=17 avail=4
GET https://www.alessandrodesign.ro/collections/baterii-coloane-de-dus
   products.json page 1
   = 200 -> 200 | Baterii si coloane de dus | Produse complete pentru dus | Alessandro Design | products=62 avail=25
GET https://www.alessandrodesign.ro/collections/copac-artificial
   products.json page 1
   = 200 -> 200 | Copac artificial – Alessandro Design | products=32 avail=28
GET https://www.alessandrodesign.ro/collections/iluminat-de-exterior
   products.json page 1
   = 200 -> 200 | Iluminat de exterior | Solutii pentru curte si gradina | Alessandro Design | products=105 avail=59
GET https://www.alessandrodesign.ro/collections/instalatii
   products.json page 1
   = 200 -> 200 | Instalatii Exterior – Alessandro Design | products=3 avail=1
GET https://www.alessandrodesign.ro/collections/lustre-cu-bec
   products.json page 1
   products.json page 2
   products.json page 3
   = 200 -> 200 | Lustre cu becuri | Modele variate | Alessandro Design | products=750 avail=569
GET https://www.alessandrodesign.ro/collections/lustre-camera-copiilor
   products.json page 1
   = 200 -> 200 | Lustre Camera Copiilor | Iluminat Camera Copii | Alessandro Design | products=47 avail=24
GET https://www.alessandrodesign.ro/collections/lustre-metalice
   products.json page 1
   products.json page 2
   products.json page 3
   = 200 -> 200 | Lustre Industrial – Alessandro Design | products=715 avail=369
GET https://www.alessandrodesign.ro/collections/oglinzi-baie-cu-led-si-dezaburire
   products.json page 1
   = 200 -> 200 | Oglinzi LED Multifunctionale | Vezi ofertele | Alessandro Design | products=155 avail=124
GET https://www.alessandrodesign.ro/collections/oglinzi-led-simple
   products.json page 1
   = 200 -> 200 | Oglinzi LED Standard – Alessandro Design | products=15 avail=11
GET https://www.alessandrodesign.ro/collections/panou-artificial
   products.json page 1
   = 200 -> 200 | Panou artificial – Alessandro Design | products=13 avail=9
GET https://www.alessandrodesign.ro/collections/para-de-dus
   products.json page 1
   = 200 -> 200 | Para de dus – Alessandro Design | products=1 avail=1
GET https://www.alessandrodesign.ro/collections/dus-walk-in
   products.json page 1
   = 200 -> 200 | Paravan de Dus Walk-in – Alessandro Design | products=36 avail=34
GET https://www.alessandrodesign.ro/collections/plafoniere-led-1
   products.json page 1
   = 200 -> 200 | Plafoniere LED | Gama variata de plafoniere | Alessandro Design | products=82 avail=51
GET https://www.alessandrodesign.ro/collections/proiectoare-de-exterior
   products.json page 1
   = 200 -> 200 | Proiectoare LED – Iluminat puternic si economic – Alessandro Design | products=10 avail=10
GET https://www.alessandrodesign.ro/collections/tablou-led
   products.json page 1
   = 200 -> 200 | Tablou LED – Alessandro Design | products=14 avail=0
GET https://www.alessandrodesign.ro/collections/tablou-sticla
   products.json page 1
   = 200 -> 200 | Tablou decorativ – Alessandro Design | products=7 avail=0
GET https://www.alessandrodesign.ro/collections/tufa-artificiala
   products.json page 1
   = 200 -> 200 | Tufe Artificiale – Alessandro Design | products=10 avail=8
GET https://www.alessandrodesign.ro/collections/uscatoare-de-maini
   products.json page 1
   = 200 -> 200 | Uscatoare de Maini – Alessandro Design | products=10 avail=9
GET https://www.alessandrodesign.ro/pages/idei-de-amenajare
   = 200 -> 200 | Idei de amenajare – Alessandro Design | products=None avail=None
GET https://www.alessandrodesign.ro/pages/colaborari-marketing
   = 200 -> 200 | Colaborari marketing – Alessandro Design | products=None avail=None
GET https://www.alessandrodesign.ro/pages/comenzi-engross
   = 200 -> 200 | COMENZI ENGROSS – Alessandro Design | products=None avail=None
GET https://www.alessandrodesign.ro/pages/dropshipment
   = 200 -> 200 | DROPSHIPMENT – Alessandro Design | products=None avail=None
GET https://www.alessandrodesign.ro/policies/privacy-policy
   = 200 -> 200 | Politica de confidențialitate – Alessandro Design | products=None avail=None
GET https://www.alessandrodesign.ro/blogs/sfaturi-de-amenajare
   = 200 -> 200 | Sfaturi de amenajare – Alessandro Design | products=None avail=None
GET https://www.alessandrodesign.ro/pages/livrare
   = 200 -> 200 | Livrare – Alessandro Design | products=None avail=None
